<?xml version="1.0" encoding="utf-8"?><testsuites name="pytest tests"><testsuite name="pytest" errors="0" failures="0" skipped="0" tests="33" time="0.405" timestamp="2026-07-13T19:36:01.235940-04:00" hostname="LAPTOP-G60CCHFV"><testcase classname="tests.test_advanced_fixtures" name="test_parametrized_energy_scenarios_run_same_test_against_multiple_profiles[sunny_self_consumption]" time="0.003" /><testcase classname="tests.test_advanced_fixtures" name="test_parametrized_energy_scenarios_run_same_test_against_multiple_profiles[evening_ev_charge]" time="0.012" /><testcase classname="tests.test_advanced_fixtures" name="test_parametrized_energy_scenarios_run_same_test_against_multiple_profiles[backup_ready_high_soc]" time="0.004" /><testcase classname="tests.test_advanced_fixtures" name="test_parametrized_memory_fault_cases_are_release_gate_ready[healthy_nvm]" time="0.003" /><testcase classname="tests.test_advanced_fixtures" name="test_parametrized_memory_fault_cases_are_release_gate_ready[crc_mismatch_release_blocker]" time="0.005" /><testcase classname="tests.test_advanced_fixtures" name="test_parametrized_memory_fault_cases_are_release_gate_ready[scratch_stuck_bit_release_blocker]" time="0.006" /><testcase classname="tests.test_advanced_fixtures" name="test_factory_fixture_creates_dynamic_low_soc_safety_bench" time="0.004" /><testcase classname="tests.test_advanced_fixtures" name="test_factory_fixture_creates_dynamic_schema_mismatch" time="0.004" /><testcase classname="tests.test_advanced_fixtures" name="test_autouse_fixture_records_lifecycle_without_being_requested" time="0.016" /><testcase classname="tests.test_advanced_fixtures" name="test_session_fixture_metadata_is_reused" time="0.003" /><testcase classname="tests.test_cli_entrypoint" name="test_cli_smoke_writes_report" time="0.115" /><testcase classname="tests.test_device_workflows" name="test_device_ping_and_measurements_are_observable" time="0.003" /><testcase classname="tests.test_device_workflows" name="test_v2h_mode_is_blocked_when_soc_is_too_low" time="0.003" /><testcase classname="tests.test_device_workflows" name="test_ev_charge_mode_acknowledged" time="0.003" /><testcase classname="tests.test_device_workflows" name="test_device_to_cloud_telemetry_round_trip" time="0.003" /><testcase classname="tests.test_error_handling_logging" name="test_device_error_contains_structured_context" time="0.003" /><testcase classname="tests.test_error_handling_logging" name="test_pipeline_preserves_exception_evidence" time="0.005" /><testcase classname="tests.test_fast_state_store" name="test_cached_crc_skips_expensive_nvm_scan" time="0.004" /><testcase classname="tests.test_fast_state_store" name="test_snapshot_diff_reports_changed_keys" time="0.003" /><testcase classname="tests.test_fast_state_store" name="test_stream_keeps_telemetry_events" time="0.003" /><testcase classname="tests.test_memory_diagnostics" name="test_ram_quick_check_passes" time="0.003" /><testcase classname="tests.test_memory_diagnostics" name="test_nvm_crc_mismatch_blocks_release" time="0.004" /><testcase classname="tests.test_memory_diagnostics" name="test_eeprom_scratch_write_readback" time="0.004" /><testcase classname="tests.test_memory_diagnostics" name="test_factory_region_is_read_only" time="0.003" /><testcase classname="tests.test_protocol_frame" name="test_crc16_modbus_known_vector" time="0.003" /><testcase classname="tests.test_protocol_frame" name="test_frame_round_trip" time="0.004" /><testcase classname="tests.test_protocol_frame" name="test_frame_rejects_corrupted_crc" time="0.003" /><testcase classname="tests.test_quality_gate" name="test_release_gate_passes_for_stable_build" time="0.004" /><testcase classname="tests.test_quality_gate" name="test_release_gate_blocks_flaky_or_critical_build" time="0.004" /><testcase classname="tests.test_quality_gate" name="test_release_gate_blocks_memory_release_blockers" time="0.004" /><testcase classname="tests.test_regression_field_log" name="test_field_logs_are_mapped_to_regression_families" time="0.004" /><testcase classname="tests.test_validation_runner" name="test_validation_runner_generates_release_evidence" time="0.029" /><testcase classname="tests.test_validation_runner" name="test_validation_runner_keeps_v2h_safety_as_critical_check" time="0.020" /></testsuite></testsuites>